15-Jun-2026 23:56:10.577 信息 [main] org.apache.catalina.startup.VersionLoggerListener.log Server.服务器版本: Apache Tomcat/9.0.108
15-Jun-2026 23:56:10.582 信息 [main] org.apache.catalina.startup.VersionLoggerListener.log 服务器构建:        Jul 31 2025 18:19:48 UTC
15-Jun-2026 23:56:10.583 信息 [main] org.apache.catalina.startup.VersionLoggerListener.log 服务器版本号:      9.0.108.0
15-Jun-2026 23:56:10.583 信息 [main] org.apache.catalina.startup.VersionLoggerListener.log 操作系统名称:      Windows 11
15-Jun-2026 23:56:10.583 信息 [main] org.apache.catalina.startup.VersionLoggerListener.log OS.版本:           10.0
15-Jun-2026 23:56:10.583 信息 [main] org.apache.catalina.startup.VersionLoggerListener.log 架构:              amd64
15-Jun-2026 23:56:10.583 信息 [main] org.apache.catalina.startup.VersionLoggerListener.log Java 环境变量:     D:\javaweb\jdk-17.0.12
15-Jun-2026 23:56:10.583 信息 [main] org.apache.catalina.startup.VersionLoggerListener.log Java虚拟机版本:    17.0.12+8-LTS-286
15-Jun-2026 23:56:10.583 信息 [main] org.apache.catalina.startup.VersionLoggerListener.log JVM.供应商:        Oracle Corporation
15-Jun-2026 23:56:10.583 信息 [main] org.apache.catalina.startup.VersionLoggerListener.log CATALINA_BASE:     D:\javaweb\workspace\PersonalBillStatistics
15-Jun-2026 23:56:10.583 信息 [main] org.apache.catalina.startup.VersionLoggerListener.log CATALINA_HOME:     D:\javaweb\apache-tomcat-9.0.108
15-Jun-2026 23:56:10.593 信息 [main] org.apache.catalina.startup.VersionLoggerListener.log 命令行参数：       --add-opens=java.base/java.lang=ALL-UNNAMED
15-Jun-2026 23:56:10.593 信息 [main] org.apache.catalina.startup.VersionLoggerListener.log 命令行参数：       --add-opens=java.base/java.io=ALL-UNNAMED
15-Jun-2026 23:56:10.593 信息 [main] org.apache.catalina.startup.VersionLoggerListener.log 命令行参数：       --add-opens=java.base/java.util=ALL-UNNAMED
15-Jun-2026 23:56:10.593 信息 [main] org.apache.catalina.startup.VersionLoggerListener.log 命令行参数：       --add-opens=java.base/java.util.concurrent=ALL-UNNAMED
15-Jun-2026 23:56:10.594 信息 [main] org.apache.catalina.startup.VersionLoggerListener.log 命令行参数：       --add-opens=java.rmi/sun.rmi.transport=ALL-UNNAMED
15-Jun-2026 23:56:10.594 信息 [main] org.apache.catalina.startup.VersionLoggerListener.log 命令行参数：       -Dcatalina.home=D:\javaweb\apache-tomcat-9.0.108
15-Jun-2026 23:56:10.594 信息 [main] org.apache.catalina.startup.VersionLoggerListener.log 命令行参数：       -Dcatalina.base=D:\javaweb\workspace\PersonalBillStatistics
15-Jun-2026 23:56:10.594 信息 [main] org.apache.catalina.startup.VersionLoggerListener.log 命令行参数：       -Djava.io.tmpdir=D:\javaweb\workspace\PersonalBillStatistics\temp
15-Jun-2026 23:56:10.594 信息 [main] org.apache.catalina.startup.VersionLoggerListener.log 命令行参数：       -Djava.util.logging.config.file=D:\javaweb\workspace\PersonalBillStatistics\conf\logging.properties
15-Jun-2026 23:56:10.594 信息 [main] org.apache.catalina.startup.VersionLoggerListener.log 命令行参数：       -Djava.util.logging.manager=org.apache.juli.ClassLoaderLogManager
15-Jun-2026 23:56:10.594 信息 [main] org.apache.catalina.startup.VersionLoggerListener.log 命令行参数：       -javaagent:D:\IntelliJ IDEA\IntelliJ IDEA 2025.3.4.1\lib\idea_rt.jar=55694
15-Jun-2026 23:56:10.595 信息 [main] org.apache.catalina.startup.VersionLoggerListener.log 命令行参数：       -Dfile.encoding=UTF-8
15-Jun-2026 23:56:10.618 信息 [main] org.apache.catalina.core.AprLifecycleListener.lifecycleEvent 在java.library.path:[D:\javaweb\jdk-17.0.12\bin;C:\WINDOWS\Sun\Java\bin;C:\WINDOWS\system32;C:\WINDOWS;D:\javaweb\jdk-17.0.12\bin;D:\AnacondaPython\anaconda\condabin;D:\javaweb\openjdk21\jdk-21.0.7+6\bin;D:\javaweb\jdk-17.0.12\bin;D:\AnacondaPython\anaconda\condabin;D:\javaweb\jdk.1.8\bin;D:\vma\bin\;D:\Hbuildx   网页制作\nodejs\;%JA;A_HOME%\bin;C:\WINDOWS\system32;C:\WINDOWS;C:\WINDOWS\System32\Wbem;C:\WINDOWS\System32\WindowsPowerShell\v1.0\;C:\WINDOWS\System32\OpenSSH\;C:\Program Files\dotnet\;D:\javaweb\openjdk21\jdk-21.0.7+6\bin;C:\Program Files\Docker\Docker\resources\bin;C:\Program Files\MySQL\MySQL Server 8.0\bin;D:\git\Git\cmd;C:\Program Files\MySQL\MySQL Shell 8.0\bin\;C:\Users\35998\AppData\Local\Microsoft\WindowsApps;D:\idea\data\IntelliJ IDEA Community Edition 2024.3.4\bin;C:\Users\35998\AppData\Roaming\npm;D:\AnacondaPython\anaconda;D:\AnacondaPython\anaconda\Scripts;D:\AnacondaPython\anaconda\Library\bin;D:\AnacondaPython\pycharm\PyCharm 2025.2.4\bin;D:\IntelliJ IDEA\IntelliJ IDEA 2025.2.5\bin;D:\javaweb\apache-maven-3.9.6\bin;D:\IntelliJ IDEA\IntelliJ IDEA Community Edition 2024.3.4\bin;D:\IntelliJ;C:\Program Files\MySQL\MySQL Shell 8.0\bin\;C:\Users\35998\AppData\Local\Microsoft\WindowsApps;D:\idea\data\IntelliJ IDEA Community Edition 2024.3.4\bin;;C:\Users\35998\AppData\Roaming\npm;D:\AnacondaPython\anaconda;D:\AnacondaPython\anaconda\Scripts;D:\AnacondaPython\anaconda\Library\bin;D:\AnacondaPython\pycharm\PyCharm 2025.2.4\bin;D:\IntelliJ IDEA\IntelliJ IDEA 2025.2.5\bin;D:\javaweb\apache-maven-3.9.6\bin;D:\IntelliJ IDEA\IntelliJ IDEA Community Edition 2024.3.4\bin;;D:\IntelliJ IDEA\IntelliJ IDEA 2025.3.4.1\bin;C:\Users\35998\AppData\Local\Microsoft\WinGet\Packages\jqlang.jq_Microsoft.Winget.Source_8wekyb3d8bbwe;;.]上找不到基于APR的Apache Tomcat本机库，该库允许在生产环境中获得最佳性能
15-Jun-2026 23:56:10.845 信息 [main] org.apache.coyote.AbstractProtocol.init 初始化协议处理器 ["http-nio-8080"]
15-Jun-2026 23:56:10.862 信息 [main] org.apache.catalina.startup.Catalina.load 服务器在[549]毫秒内初始化
15-Jun-2026 23:56:10.914 信息 [main] org.apache.catalina.core.StandardService.startInternal 正在启动服务[Catalina]
15-Jun-2026 23:56:10.915 信息 [main] org.apache.catalina.core.StandardEngine.startInternal 正在启动 Servlet 引擎：[Apache Tomcat/9.0.108]
15-Jun-2026 23:56:10.925 信息 [main] org.apache.catalina.startup.HostConfig.deployDescriptor 正在部署部署描述符[D:\javaweb\workspace\PersonalBillStatistics\conf\Catalina\localhost\ROOT.xml]。
15-Jun-2026 23:56:16.781 信息 [main] org.apache.jasper.servlet.TldScanner.scanJars 至少有一个JAR被扫描用于TLD但尚未包含TLD。 为此记录器启用调试日志记录，以获取已扫描但未在其中找到TLD的完整JAR列表。 在扫描期间跳过不需要的JAR可以缩短启动时间和JSP编译时间。
15-Jun-2026 23:56:21.408 警告 [main] org.apache.catalina.util.SessionIdGeneratorBase.createSecureRandom 使用[SHA1PRNG]创建会话ID生成的SecureRandom实例花费了[177]毫秒。
15-Jun-2026 23:56:23.853 信息 [main] org.apache.catalina.startup.HostConfig.deployDescriptor 部署描述符[D:\javaweb\workspace\PersonalBillStatistics\conf\Catalina\localhost\ROOT.xml]的部署已在[12,928]ms内完成
15-Jun-2026 23:56:23.857 信息 [main] org.apache.coyote.AbstractProtocol.start 开始协议处理句柄["http-nio-8080"]
15-Jun-2026 23:56:23.996 信息 [main] org.apache.catalina.startup.Catalina.start [13132]毫秒后服务器启动
