16-Jun-2026 00:02:01.304 信息 [Thread-1] org.apache.coyote.AbstractProtocol.pause 暂停ProtocolHandler["http-nio-8080"]
16-Jun-2026 00:02:01.970 信息 [Thread-1] org.apache.catalina.core.StandardService.stopInternal 正在停止服务[Catalina]
16-Jun-2026 00:02:02.025 警告 [Thread-1] org.apache.catalina.loader.WebappClassLoaderBase.clearReferencesJdbc Web应用程序 [ROOT] 注册了JDBC驱动程序 [com.mysql.cj.jdbc.Driver]，但在Web应用程序停止时无法注销它。 为防止内存泄漏，JDBC驱动程序已被强制取消注册。
16-Jun-2026 00:02:02.026 警告 [Thread-1] org.apache.catalina.loader.WebappClassLoaderBase.clearReferencesThreads Web应用程序[ROOT]似乎启动了一个名为[mysql-cj-abandoned-connection-cleanup]的线程，但未能停止它。这很可能会造成内存泄漏。线程的堆栈跟踪：[
 java.base@17.0.12/java.lang.Object.wait(Native Method)
 java.base@17.0.12/java.lang.ref.ReferenceQueue.remove(ReferenceQueue.java:155)
 com.mysql.cj.jdbc.AbandonedConnectionCleanupThread.run(AbandonedConnectionCleanupThread.java:91)
 java.base@17.0.12/java.util.concurrent.ThreadPoolExecutor.runWorker(ThreadPoolExecutor.java:1136)
 java.base@17.0.12/java.util.concurrent.ThreadPoolExecutor$Worker.run(ThreadPoolExecutor.java:635)
 java.base@17.0.12/java.lang.Thread.run(Thread.java:842)]
16-Jun-2026 00:02:02.034 信息 [Thread-1] org.apache.coyote.AbstractProtocol.stop 正在停止ProtocolHandler ["http-nio-8080"]
16-Jun-2026 00:02:02.047 信息 [Thread-1] org.apache.coyote.AbstractProtocol.destroy 正在销毁协议处理器 ["http-nio-8080"]
16-Jun-2026 00:02:04.479 信息 [main] org.apache.catalina.startup.VersionLoggerListener.log Server.服务器版本: Apache Tomcat/9.0.108
16-Jun-2026 00:02:04.486 信息 [main] org.apache.catalina.startup.VersionLoggerListener.log 服务器构建:        Jul 31 2025 18:19:48 UTC
16-Jun-2026 00:02:04.486 信息 [main] org.apache.catalina.startup.VersionLoggerListener.log 服务器版本号:      9.0.108.0
16-Jun-2026 00:02:04.486 信息 [main] org.apache.catalina.startup.VersionLoggerListener.log 操作系统名称:      Windows 11
16-Jun-2026 00:02:04.486 信息 [main] org.apache.catalina.startup.VersionLoggerListener.log OS.版本:           10.0
16-Jun-2026 00:02:04.488 信息 [main] org.apache.catalina.startup.VersionLoggerListener.log 架构:              amd64
16-Jun-2026 00:02:04.488 信息 [main] org.apache.catalina.startup.VersionLoggerListener.log Java 环境变量:     D:\javaweb\jdk-17.0.12
16-Jun-2026 00:02:04.488 信息 [main] org.apache.catalina.startup.VersionLoggerListener.log Java虚拟机版本:    17.0.12+8-LTS-286
16-Jun-2026 00:02:04.488 信息 [main] org.apache.catalina.startup.VersionLoggerListener.log JVM.供应商:        Oracle Corporation
16-Jun-2026 00:02:04.488 信息 [main] org.apache.catalina.startup.VersionLoggerListener.log CATALINA_BASE:     D:\javaweb\workspace\PersonalBillStatistics
16-Jun-2026 00:02:04.488 信息 [main] org.apache.catalina.startup.VersionLoggerListener.log CATALINA_HOME:     D:\javaweb\apache-tomcat-9.0.108
16-Jun-2026 00:02:04.499 信息 [main] org.apache.catalina.startup.VersionLoggerListener.log 命令行参数：       --add-opens=java.base/java.lang=ALL-UNNAMED
16-Jun-2026 00:02:04.499 信息 [main] org.apache.catalina.startup.VersionLoggerListener.log 命令行参数：       --add-opens=java.base/java.io=ALL-UNNAMED
16-Jun-2026 00:02:04.500 信息 [main] org.apache.catalina.startup.VersionLoggerListener.log 命令行参数：       --add-opens=java.base/java.util=ALL-UNNAMED
16-Jun-2026 00:02:04.500 信息 [main] org.apache.catalina.startup.VersionLoggerListener.log 命令行参数：       --add-opens=java.base/java.util.concurrent=ALL-UNNAMED
16-Jun-2026 00:02:04.500 信息 [main] org.apache.catalina.startup.VersionLoggerListener.log 命令行参数：       --add-opens=java.rmi/sun.rmi.transport=ALL-UNNAMED
16-Jun-2026 00:02:04.501 信息 [main] org.apache.catalina.startup.VersionLoggerListener.log 命令行参数：       -Dcatalina.home=D:\javaweb\apache-tomcat-9.0.108
16-Jun-2026 00:02:04.502 信息 [main] org.apache.catalina.startup.VersionLoggerListener.log 命令行参数：       -Dcatalina.base=D:\javaweb\workspace\PersonalBillStatistics
16-Jun-2026 00:02:04.502 信息 [main] org.apache.catalina.startup.VersionLoggerListener.log 命令行参数：       -Djava.io.tmpdir=D:\javaweb\workspace\PersonalBillStatistics\temp
16-Jun-2026 00:02:04.502 信息 [main] org.apache.catalina.startup.VersionLoggerListener.log 命令行参数：       -Djava.util.logging.config.file=D:\javaweb\workspace\PersonalBillStatistics\conf\logging.properties
16-Jun-2026 00:02:04.502 信息 [main] org.apache.catalina.startup.VersionLoggerListener.log 命令行参数：       -Djava.util.logging.manager=org.apache.juli.ClassLoaderLogManager
16-Jun-2026 00:02:04.504 信息 [main] org.apache.catalina.startup.VersionLoggerListener.log 命令行参数：       -javaagent:D:\IntelliJ IDEA\IntelliJ IDEA 2025.3.4.1\lib\idea_rt.jar=54443
16-Jun-2026 00:02:04.505 信息 [main] org.apache.catalina.startup.VersionLoggerListener.log 命令行参数：       -Dfile.encoding=UTF-8
16-Jun-2026 00:02:04.544 信息 [main] org.apache.catalina.core.AprLifecycleListener.lifecycleEvent 在java.library.path:[D:\javaweb\jdk-17.0.12\bin;C:\WINDOWS\Sun\Java\bin;C:\WINDOWS\system32;C:\WINDOWS;D:\javaweb\jdk-17.0.12\bin;D:\AnacondaPython\anaconda\condabin;D:\javaweb\openjdk21\jdk-21.0.7+6\bin;D:\javaweb\jdk-17.0.12\bin;D:\AnacondaPython\anaconda\condabin;D:\javaweb\jdk.1.8\bin;D:\vma\bin\;D:\Hbuildx   网页制作\nodejs\;%JA;A_HOME%\bin;C:\WINDOWS\system32;C:\WINDOWS;C:\WINDOWS\System32\Wbem;C:\WINDOWS\System32\WindowsPowerShell\v1.0\;C:\WINDOWS\System32\OpenSSH\;C:\Program Files\dotnet\;D:\javaweb\openjdk21\jdk-21.0.7+6\bin;C:\Program Files\Docker\Docker\resources\bin;C:\Program Files\MySQL\MySQL Server 8.0\bin;D:\git\Git\cmd;C:\Program Files\MySQL\MySQL Shell 8.0\bin\;C:\Users\35998\AppData\Local\Microsoft\WindowsApps;D:\idea\data\IntelliJ IDEA Community Edition 2024.3.4\bin;C:\Users\35998\AppData\Roaming\npm;D:\AnacondaPython\anaconda;D:\AnacondaPython\anaconda\Scripts;D:\AnacondaPython\anaconda\Library\bin;D:\AnacondaPython\pycharm\PyCharm 2025.2.4\bin;D:\IntelliJ IDEA\IntelliJ IDEA 2025.2.5\bin;D:\javaweb\apache-maven-3.9.6\bin;D:\IntelliJ IDEA\IntelliJ IDEA Community Edition 2024.3.4\bin;D:\IntelliJ;C:\Program Files\MySQL\MySQL Shell 8.0\bin\;C:\Users\35998\AppData\Local\Microsoft\WindowsApps;D:\idea\data\IntelliJ IDEA Community Edition 2024.3.4\bin;;C:\Users\35998\AppData\Roaming\npm;D:\AnacondaPython\anaconda;D:\AnacondaPython\anaconda\Scripts;D:\AnacondaPython\anaconda\Library\bin;D:\AnacondaPython\pycharm\PyCharm 2025.2.4\bin;D:\IntelliJ IDEA\IntelliJ IDEA 2025.2.5\bin;D:\javaweb\apache-maven-3.9.6\bin;D:\IntelliJ IDEA\IntelliJ IDEA Community Edition 2024.3.4\bin;;D:\IntelliJ IDEA\IntelliJ IDEA 2025.3.4.1\bin;C:\Users\35998\AppData\Local\Microsoft\WinGet\Packages\jqlang.jq_Microsoft.Winget.Source_8wekyb3d8bbwe;;.]上找不到基于APR的Apache Tomcat本机库，该库允许在生产环境中获得最佳性能
16-Jun-2026 00:02:04.825 信息 [main] org.apache.coyote.AbstractProtocol.init 初始化协议处理器 ["http-nio-8080"]
16-Jun-2026 00:02:04.843 信息 [main] org.apache.catalina.startup.Catalina.load 服务器在[663]毫秒内初始化
16-Jun-2026 00:02:04.890 信息 [main] org.apache.catalina.core.StandardService.startInternal 正在启动服务[Catalina]
16-Jun-2026 00:02:04.890 信息 [main] org.apache.catalina.core.StandardEngine.startInternal 正在启动 Servlet 引擎：[Apache Tomcat/9.0.108]
16-Jun-2026 00:02:04.900 信息 [main] org.apache.catalina.startup.HostConfig.deployDescriptor 正在部署部署描述符[D:\javaweb\workspace\PersonalBillStatistics\conf\Catalina\localhost\ROOT.xml]。
16-Jun-2026 00:02:09.190 信息 [main] org.apache.jasper.servlet.TldScanner.scanJars 至少有一个JAR被扫描用于TLD但尚未包含TLD。 为此记录器启用调试日志记录，以获取已扫描但未在其中找到TLD的完整JAR列表。 在扫描期间跳过不需要的JAR可以缩短启动时间和JSP编译时间。
16-Jun-2026 00:02:14.506 信息 [main] org.apache.catalina.startup.HostConfig.deployDescriptor 部署描述符[D:\javaweb\workspace\PersonalBillStatistics\conf\Catalina\localhost\ROOT.xml]的部署已在[9,602]ms内完成
16-Jun-2026 00:02:14.506 信息 [main] org.apache.coyote.AbstractProtocol.start 开始协议处理句柄["http-nio-8080"]
16-Jun-2026 00:02:14.697 信息 [main] org.apache.catalina.startup.Catalina.start [9854]毫秒后服务器启动
16-Jun-2026 00:44:58.666 信息 [Thread-1] org.apache.coyote.AbstractProtocol.pause 暂停ProtocolHandler["http-nio-8080"]
16-Jun-2026 00:44:59.344 信息 [Thread-1] org.apache.catalina.core.StandardService.stopInternal 正在停止服务[Catalina]
16-Jun-2026 00:44:59.486 警告 [Thread-1] org.apache.catalina.loader.WebappClassLoaderBase.clearReferencesJdbc Web应用程序 [ROOT] 注册了JDBC驱动程序 [com.mysql.cj.jdbc.Driver]，但在Web应用程序停止时无法注销它。 为防止内存泄漏，JDBC驱动程序已被强制取消注册。
16-Jun-2026 00:44:59.488 警告 [Thread-1] org.apache.catalina.loader.WebappClassLoaderBase.clearReferencesThreads Web应用程序[ROOT]似乎启动了一个名为[mysql-cj-abandoned-connection-cleanup]的线程，但未能停止它。这很可能会造成内存泄漏。线程的堆栈跟踪：[
 java.base@17.0.12/java.lang.Object.wait(Native Method)
 java.base@17.0.12/java.lang.ref.ReferenceQueue.remove(ReferenceQueue.java:155)
 com.mysql.cj.jdbc.AbandonedConnectionCleanupThread.run(AbandonedConnectionCleanupThread.java:91)
 java.base@17.0.12/java.util.concurrent.ThreadPoolExecutor.runWorker(ThreadPoolExecutor.java:1136)
 java.base@17.0.12/java.util.concurrent.ThreadPoolExecutor$Worker.run(ThreadPoolExecutor.java:635)
 java.base@17.0.12/java.lang.Thread.run(Thread.java:842)]
16-Jun-2026 00:44:59.502 信息 [Thread-1] org.apache.coyote.AbstractProtocol.stop 正在停止ProtocolHandler ["http-nio-8080"]
16-Jun-2026 00:44:59.517 信息 [Thread-1] org.apache.coyote.AbstractProtocol.destroy 正在销毁协议处理器 ["http-nio-8080"]
16-Jun-2026 00:45:04.997 信息 [main] org.apache.catalina.startup.VersionLoggerListener.log Server.服务器版本: Apache Tomcat/9.0.108
16-Jun-2026 00:45:05.004 信息 [main] org.apache.catalina.startup.VersionLoggerListener.log 服务器构建:        Jul 31 2025 18:19:48 UTC
16-Jun-2026 00:45:05.004 信息 [main] org.apache.catalina.startup.VersionLoggerListener.log 服务器版本号:      9.0.108.0
16-Jun-2026 00:45:05.005 信息 [main] org.apache.catalina.startup.VersionLoggerListener.log 操作系统名称:      Windows 11
16-Jun-2026 00:45:05.005 信息 [main] org.apache.catalina.startup.VersionLoggerListener.log OS.版本:           10.0
16-Jun-2026 00:45:05.006 信息 [main] org.apache.catalina.startup.VersionLoggerListener.log 架构:              amd64
16-Jun-2026 00:45:05.006 信息 [main] org.apache.catalina.startup.VersionLoggerListener.log Java 环境变量:     D:\javaweb\jdk-17.0.12
16-Jun-2026 00:45:05.007 信息 [main] org.apache.catalina.startup.VersionLoggerListener.log Java虚拟机版本:    17.0.12+8-LTS-286
16-Jun-2026 00:45:05.007 信息 [main] org.apache.catalina.startup.VersionLoggerListener.log JVM.供应商:        Oracle Corporation
16-Jun-2026 00:45:05.007 信息 [main] org.apache.catalina.startup.VersionLoggerListener.log CATALINA_BASE:     D:\javaweb\workspace\PersonalBillStatistics
16-Jun-2026 00:45:05.007 信息 [main] org.apache.catalina.startup.VersionLoggerListener.log CATALINA_HOME:     D:\javaweb\apache-tomcat-9.0.108
16-Jun-2026 00:45:05.020 信息 [main] org.apache.catalina.startup.VersionLoggerListener.log 命令行参数：       --add-opens=java.base/java.lang=ALL-UNNAMED
16-Jun-2026 00:45:05.021 信息 [main] org.apache.catalina.startup.VersionLoggerListener.log 命令行参数：       --add-opens=java.base/java.io=ALL-UNNAMED
16-Jun-2026 00:45:05.021 信息 [main] org.apache.catalina.startup.VersionLoggerListener.log 命令行参数：       --add-opens=java.base/java.util=ALL-UNNAMED
16-Jun-2026 00:45:05.021 信息 [main] org.apache.catalina.startup.VersionLoggerListener.log 命令行参数：       --add-opens=java.base/java.util.concurrent=ALL-UNNAMED
16-Jun-2026 00:45:05.021 信息 [main] org.apache.catalina.startup.VersionLoggerListener.log 命令行参数：       --add-opens=java.rmi/sun.rmi.transport=ALL-UNNAMED
16-Jun-2026 00:45:05.021 信息 [main] org.apache.catalina.startup.VersionLoggerListener.log 命令行参数：       -Dcatalina.home=D:\javaweb\apache-tomcat-9.0.108
16-Jun-2026 00:45:05.021 信息 [main] org.apache.catalina.startup.VersionLoggerListener.log 命令行参数：       -Dcatalina.base=D:\javaweb\workspace\PersonalBillStatistics
16-Jun-2026 00:45:05.022 信息 [main] org.apache.catalina.startup.VersionLoggerListener.log 命令行参数：       -Djava.io.tmpdir=D:\javaweb\workspace\PersonalBillStatistics\temp
16-Jun-2026 00:45:05.023 信息 [main] org.apache.catalina.startup.VersionLoggerListener.log 命令行参数：       -Djava.util.logging.config.file=D:\javaweb\workspace\PersonalBillStatistics\conf\logging.properties
16-Jun-2026 00:45:05.023 信息 [main] org.apache.catalina.startup.VersionLoggerListener.log 命令行参数：       -Djava.util.logging.manager=org.apache.juli.ClassLoaderLogManager
16-Jun-2026 00:45:05.023 信息 [main] org.apache.catalina.startup.VersionLoggerListener.log 命令行参数：       -javaagent:D:\IntelliJ IDEA\IntelliJ IDEA 2025.3.4.1\lib\idea_rt.jar=61048
16-Jun-2026 00:45:05.025 信息 [main] org.apache.catalina.startup.VersionLoggerListener.log 命令行参数：       -Dfile.encoding=UTF-8
16-Jun-2026 00:45:05.058 信息 [main] org.apache.catalina.core.AprLifecycleListener.lifecycleEvent 在java.library.path:[D:\javaweb\jdk-17.0.12\bin;C:\WINDOWS\Sun\Java\bin;C:\WINDOWS\system32;C:\WINDOWS;D:\javaweb\jdk-17.0.12\bin;D:\AnacondaPython\anaconda\condabin;D:\javaweb\openjdk21\jdk-21.0.7+6\bin;D:\javaweb\jdk-17.0.12\bin;D:\AnacondaPython\anaconda\condabin;D:\javaweb\jdk.1.8\bin;D:\vma\bin\;D:\Hbuildx   网页制作\nodejs\;%JA;A_HOME%\bin;C:\WINDOWS\system32;C:\WINDOWS;C:\WINDOWS\System32\Wbem;C:\WINDOWS\System32\WindowsPowerShell\v1.0\;C:\WINDOWS\System32\OpenSSH\;C:\Program Files\dotnet\;D:\javaweb\openjdk21\jdk-21.0.7+6\bin;C:\Program Files\Docker\Docker\resources\bin;C:\Program Files\MySQL\MySQL Server 8.0\bin;D:\git\Git\cmd;C:\Program Files\MySQL\MySQL Shell 8.0\bin\;C:\Users\35998\AppData\Local\Microsoft\WindowsApps;D:\idea\data\IntelliJ IDEA Community Edition 2024.3.4\bin;C:\Users\35998\AppData\Roaming\npm;D:\AnacondaPython\anaconda;D:\AnacondaPython\anaconda\Scripts;D:\AnacondaPython\anaconda\Library\bin;D:\AnacondaPython\pycharm\PyCharm 2025.2.4\bin;D:\IntelliJ IDEA\IntelliJ IDEA 2025.2.5\bin;D:\javaweb\apache-maven-3.9.6\bin;D:\IntelliJ IDEA\IntelliJ IDEA Community Edition 2024.3.4\bin;D:\IntelliJ;C:\Program Files\MySQL\MySQL Shell 8.0\bin\;C:\Users\35998\AppData\Local\Microsoft\WindowsApps;D:\idea\data\IntelliJ IDEA Community Edition 2024.3.4\bin;;C:\Users\35998\AppData\Roaming\npm;D:\AnacondaPython\anaconda;D:\AnacondaPython\anaconda\Scripts;D:\AnacondaPython\anaconda\Library\bin;D:\AnacondaPython\pycharm\PyCharm 2025.2.4\bin;D:\IntelliJ IDEA\IntelliJ IDEA 2025.2.5\bin;D:\javaweb\apache-maven-3.9.6\bin;D:\IntelliJ IDEA\IntelliJ IDEA Community Edition 2024.3.4\bin;;D:\IntelliJ IDEA\IntelliJ IDEA 2025.3.4.1\bin;C:\Users\35998\AppData\Local\Microsoft\WinGet\Packages\jqlang.jq_Microsoft.Winget.Source_8wekyb3d8bbwe;;.]上找不到基于APR的Apache Tomcat本机库，该库允许在生产环境中获得最佳性能
16-Jun-2026 00:45:05.374 信息 [main] org.apache.coyote.AbstractProtocol.init 初始化协议处理器 ["http-nio-8080"]
16-Jun-2026 00:45:05.396 信息 [main] org.apache.catalina.startup.Catalina.load 服务器在[686]毫秒内初始化
16-Jun-2026 00:45:05.461 信息 [main] org.apache.catalina.core.StandardService.startInternal 正在启动服务[Catalina]
16-Jun-2026 00:45:05.461 信息 [main] org.apache.catalina.core.StandardEngine.startInternal 正在启动 Servlet 引擎：[Apache Tomcat/9.0.108]
16-Jun-2026 00:45:05.473 信息 [main] org.apache.catalina.startup.HostConfig.deployDescriptor 正在部署部署描述符[D:\javaweb\workspace\PersonalBillStatistics\conf\Catalina\localhost\ROOT.xml]。
16-Jun-2026 00:45:09.422 信息 [main] org.apache.jasper.servlet.TldScanner.scanJars 至少有一个JAR被扫描用于TLD但尚未包含TLD。 为此记录器启用调试日志记录，以获取已扫描但未在其中找到TLD的完整JAR列表。 在扫描期间跳过不需要的JAR可以缩短启动时间和JSP编译时间。
16-Jun-2026 00:45:14.649 信息 [main] org.apache.catalina.startup.HostConfig.deployDescriptor 部署描述符[D:\javaweb\workspace\PersonalBillStatistics\conf\Catalina\localhost\ROOT.xml]的部署已在[9,176]ms内完成
16-Jun-2026 00:45:14.653 信息 [main] org.apache.coyote.AbstractProtocol.start 开始协议处理句柄["http-nio-8080"]
16-Jun-2026 00:45:14.759 信息 [main] org.apache.catalina.startup.Catalina.start [9361]毫秒后服务器启动
16-Jun-2026 00:54:24.456 信息 [Thread-1] org.apache.coyote.AbstractProtocol.pause 暂停ProtocolHandler["http-nio-8080"]
16-Jun-2026 00:54:25.133 信息 [Thread-1] org.apache.catalina.core.StandardService.stopInternal 正在停止服务[Catalina]
16-Jun-2026 00:54:25.280 警告 [Thread-1] org.apache.catalina.loader.WebappClassLoaderBase.clearReferencesJdbc Web应用程序 [ROOT] 注册了JDBC驱动程序 [com.mysql.cj.jdbc.Driver]，但在Web应用程序停止时无法注销它。 为防止内存泄漏，JDBC驱动程序已被强制取消注册。
16-Jun-2026 00:54:25.282 警告 [Thread-1] org.apache.catalina.loader.WebappClassLoaderBase.clearReferencesThreads Web应用程序[ROOT]似乎启动了一个名为[mysql-cj-abandoned-connection-cleanup]的线程，但未能停止它。这很可能会造成内存泄漏。线程的堆栈跟踪：[
 java.base@17.0.12/java.lang.Object.wait(Native Method)
 java.base@17.0.12/java.lang.ref.ReferenceQueue.remove(ReferenceQueue.java:155)
 com.mysql.cj.jdbc.AbandonedConnectionCleanupThread.run(AbandonedConnectionCleanupThread.java:91)
 java.base@17.0.12/java.util.concurrent.ThreadPoolExecutor.runWorker(ThreadPoolExecutor.java:1136)
 java.base@17.0.12/java.util.concurrent.ThreadPoolExecutor$Worker.run(ThreadPoolExecutor.java:635)
 java.base@17.0.12/java.lang.Thread.run(Thread.java:842)]
16-Jun-2026 00:54:25.296 信息 [Thread-1] org.apache.coyote.AbstractProtocol.stop 正在停止ProtocolHandler ["http-nio-8080"]
16-Jun-2026 00:54:25.312 信息 [Thread-1] org.apache.coyote.AbstractProtocol.destroy 正在销毁协议处理器 ["http-nio-8080"]
16-Jun-2026 00:54:27.446 信息 [main] org.apache.catalina.startup.VersionLoggerListener.log Server.服务器版本: Apache Tomcat/9.0.108
16-Jun-2026 00:54:27.453 信息 [main] org.apache.catalina.startup.VersionLoggerListener.log 服务器构建:        Jul 31 2025 18:19:48 UTC
16-Jun-2026 00:54:27.454 信息 [main] org.apache.catalina.startup.VersionLoggerListener.log 服务器版本号:      9.0.108.0
16-Jun-2026 00:54:27.454 信息 [main] org.apache.catalina.startup.VersionLoggerListener.log 操作系统名称:      Windows 11
16-Jun-2026 00:54:27.455 信息 [main] org.apache.catalina.startup.VersionLoggerListener.log OS.版本:           10.0
16-Jun-2026 00:54:27.455 信息 [main] org.apache.catalina.startup.VersionLoggerListener.log 架构:              amd64
16-Jun-2026 00:54:27.455 信息 [main] org.apache.catalina.startup.VersionLoggerListener.log Java 环境变量:     D:\javaweb\jdk-17.0.12
16-Jun-2026 00:54:27.455 信息 [main] org.apache.catalina.startup.VersionLoggerListener.log Java虚拟机版本:    17.0.12+8-LTS-286
16-Jun-2026 00:54:27.455 信息 [main] org.apache.catalina.startup.VersionLoggerListener.log JVM.供应商:        Oracle Corporation
16-Jun-2026 00:54:27.455 信息 [main] org.apache.catalina.startup.VersionLoggerListener.log CATALINA_BASE:     D:\javaweb\workspace\PersonalBillStatistics
16-Jun-2026 00:54:27.456 信息 [main] org.apache.catalina.startup.VersionLoggerListener.log CATALINA_HOME:     D:\javaweb\apache-tomcat-9.0.108
16-Jun-2026 00:54:27.468 信息 [main] org.apache.catalina.startup.VersionLoggerListener.log 命令行参数：       --add-opens=java.base/java.lang=ALL-UNNAMED
16-Jun-2026 00:54:27.468 信息 [main] org.apache.catalina.startup.VersionLoggerListener.log 命令行参数：       --add-opens=java.base/java.io=ALL-UNNAMED
16-Jun-2026 00:54:27.469 信息 [main] org.apache.catalina.startup.VersionLoggerListener.log 命令行参数：       --add-opens=java.base/java.util=ALL-UNNAMED
16-Jun-2026 00:54:27.469 信息 [main] org.apache.catalina.startup.VersionLoggerListener.log 命令行参数：       --add-opens=java.base/java.util.concurrent=ALL-UNNAMED
16-Jun-2026 00:54:27.469 信息 [main] org.apache.catalina.startup.VersionLoggerListener.log 命令行参数：       --add-opens=java.rmi/sun.rmi.transport=ALL-UNNAMED
16-Jun-2026 00:54:27.469 信息 [main] org.apache.catalina.startup.VersionLoggerListener.log 命令行参数：       -Dcatalina.home=D:\javaweb\apache-tomcat-9.0.108
16-Jun-2026 00:54:27.470 信息 [main] org.apache.catalina.startup.VersionLoggerListener.log 命令行参数：       -Dcatalina.base=D:\javaweb\workspace\PersonalBillStatistics
16-Jun-2026 00:54:27.470 信息 [main] org.apache.catalina.startup.VersionLoggerListener.log 命令行参数：       -Djava.io.tmpdir=D:\javaweb\workspace\PersonalBillStatistics\temp
16-Jun-2026 00:54:27.470 信息 [main] org.apache.catalina.startup.VersionLoggerListener.log 命令行参数：       -Djava.util.logging.config.file=D:\javaweb\workspace\PersonalBillStatistics\conf\logging.properties
16-Jun-2026 00:54:27.471 信息 [main] org.apache.catalina.startup.VersionLoggerListener.log 命令行参数：       -Djava.util.logging.manager=org.apache.juli.ClassLoaderLogManager
16-Jun-2026 00:54:27.471 信息 [main] org.apache.catalina.startup.VersionLoggerListener.log 命令行参数：       -javaagent:D:\IntelliJ IDEA\IntelliJ IDEA 2025.3.4.1\lib\idea_rt.jar=57654
16-Jun-2026 00:54:27.471 信息 [main] org.apache.catalina.startup.VersionLoggerListener.log 命令行参数：       -Dfile.encoding=UTF-8
16-Jun-2026 00:54:27.501 信息 [main] org.apache.catalina.core.AprLifecycleListener.lifecycleEvent 在java.library.path:[D:\javaweb\jdk-17.0.12\bin;C:\WINDOWS\Sun\Java\bin;C:\WINDOWS\system32;C:\WINDOWS;D:\javaweb\jdk-17.0.12\bin;D:\AnacondaPython\anaconda\condabin;D:\javaweb\openjdk21\jdk-21.0.7+6\bin;D:\javaweb\jdk-17.0.12\bin;D:\AnacondaPython\anaconda\condabin;D:\javaweb\jdk.1.8\bin;D:\vma\bin\;D:\Hbuildx   网页制作\nodejs\;%JA;A_HOME%\bin;C:\WINDOWS\system32;C:\WINDOWS;C:\WINDOWS\System32\Wbem;C:\WINDOWS\System32\WindowsPowerShell\v1.0\;C:\WINDOWS\System32\OpenSSH\;C:\Program Files\dotnet\;D:\javaweb\openjdk21\jdk-21.0.7+6\bin;C:\Program Files\Docker\Docker\resources\bin;C:\Program Files\MySQL\MySQL Server 8.0\bin;D:\git\Git\cmd;C:\Program Files\MySQL\MySQL Shell 8.0\bin\;C:\Users\35998\AppData\Local\Microsoft\WindowsApps;D:\idea\data\IntelliJ IDEA Community Edition 2024.3.4\bin;C:\Users\35998\AppData\Roaming\npm;D:\AnacondaPython\anaconda;D:\AnacondaPython\anaconda\Scripts;D:\AnacondaPython\anaconda\Library\bin;D:\AnacondaPython\pycharm\PyCharm 2025.2.4\bin;D:\IntelliJ IDEA\IntelliJ IDEA 2025.2.5\bin;D:\javaweb\apache-maven-3.9.6\bin;D:\IntelliJ IDEA\IntelliJ IDEA Community Edition 2024.3.4\bin;D:\IntelliJ;C:\Program Files\MySQL\MySQL Shell 8.0\bin\;C:\Users\35998\AppData\Local\Microsoft\WindowsApps;D:\idea\data\IntelliJ IDEA Community Edition 2024.3.4\bin;;C:\Users\35998\AppData\Roaming\npm;D:\AnacondaPython\anaconda;D:\AnacondaPython\anaconda\Scripts;D:\AnacondaPython\anaconda\Library\bin;D:\AnacondaPython\pycharm\PyCharm 2025.2.4\bin;D:\IntelliJ IDEA\IntelliJ IDEA 2025.2.5\bin;D:\javaweb\apache-maven-3.9.6\bin;D:\IntelliJ IDEA\IntelliJ IDEA Community Edition 2024.3.4\bin;;D:\IntelliJ IDEA\IntelliJ IDEA 2025.3.4.1\bin;C:\Users\35998\AppData\Local\Microsoft\WinGet\Packages\jqlang.jq_Microsoft.Winget.Source_8wekyb3d8bbwe;;.]上找不到基于APR的Apache Tomcat本机库，该库允许在生产环境中获得最佳性能
16-Jun-2026 00:54:27.847 信息 [main] org.apache.coyote.AbstractProtocol.init 初始化协议处理器 ["http-nio-8080"]
16-Jun-2026 00:54:27.869 信息 [main] org.apache.catalina.startup.Catalina.load 服务器在[677]毫秒内初始化
16-Jun-2026 00:54:27.935 信息 [main] org.apache.catalina.core.StandardService.startInternal 正在启动服务[Catalina]
16-Jun-2026 00:54:27.935 信息 [main] org.apache.catalina.core.StandardEngine.startInternal 正在启动 Servlet 引擎：[Apache Tomcat/9.0.108]
16-Jun-2026 00:54:27.944 信息 [main] org.apache.catalina.startup.HostConfig.deployDescriptor 正在部署部署描述符[D:\javaweb\workspace\PersonalBillStatistics\conf\Catalina\localhost\ROOT.xml]。
16-Jun-2026 00:54:31.858 信息 [main] org.apache.jasper.servlet.TldScanner.scanJars 至少有一个JAR被扫描用于TLD但尚未包含TLD。 为此记录器启用调试日志记录，以获取已扫描但未在其中找到TLD的完整JAR列表。 在扫描期间跳过不需要的JAR可以缩短启动时间和JSP编译时间。
16-Jun-2026 00:54:35.133 警告 [main] org.apache.catalina.util.SessionIdGeneratorBase.createSecureRandom 使用[SHA1PRNG]创建会话ID生成的SecureRandom实例花费了[101]毫秒。
16-Jun-2026 00:54:37.020 信息 [main] org.apache.catalina.startup.HostConfig.deployDescriptor 部署描述符[D:\javaweb\workspace\PersonalBillStatistics\conf\Catalina\localhost\ROOT.xml]的部署已在[9,076]ms内完成
16-Jun-2026 00:54:37.024 信息 [main] org.apache.coyote.AbstractProtocol.start 开始协议处理句柄["http-nio-8080"]
16-Jun-2026 00:54:37.135 信息 [main] org.apache.catalina.startup.Catalina.start [9265]毫秒后服务器启动
16-Jun-2026 00:59:09.215 信息 [Thread-1] org.apache.coyote.AbstractProtocol.pause 暂停ProtocolHandler["http-nio-8080"]
16-Jun-2026 00:59:09.842 信息 [Thread-1] org.apache.catalina.core.StandardService.stopInternal 正在停止服务[Catalina]
16-Jun-2026 00:59:09.970 警告 [Thread-1] org.apache.catalina.loader.WebappClassLoaderBase.clearReferencesJdbc Web应用程序 [ROOT] 注册了JDBC驱动程序 [com.mysql.cj.jdbc.Driver]，但在Web应用程序停止时无法注销它。 为防止内存泄漏，JDBC驱动程序已被强制取消注册。
16-Jun-2026 00:59:09.971 警告 [Thread-1] org.apache.catalina.loader.WebappClassLoaderBase.clearReferencesThreads Web应用程序[ROOT]似乎启动了一个名为[mysql-cj-abandoned-connection-cleanup]的线程，但未能停止它。这很可能会造成内存泄漏。线程的堆栈跟踪：[
 java.base@17.0.12/java.lang.Object.wait(Native Method)
 java.base@17.0.12/java.lang.ref.ReferenceQueue.remove(ReferenceQueue.java:155)
 com.mysql.cj.jdbc.AbandonedConnectionCleanupThread.run(AbandonedConnectionCleanupThread.java:91)
 java.base@17.0.12/java.util.concurrent.ThreadPoolExecutor.runWorker(ThreadPoolExecutor.java:1136)
 java.base@17.0.12/java.util.concurrent.ThreadPoolExecutor$Worker.run(ThreadPoolExecutor.java:635)
 java.base@17.0.12/java.lang.Thread.run(Thread.java:842)]
16-Jun-2026 00:59:09.982 信息 [Thread-1] org.apache.coyote.AbstractProtocol.stop 正在停止ProtocolHandler ["http-nio-8080"]
16-Jun-2026 00:59:09.998 信息 [Thread-1] org.apache.coyote.AbstractProtocol.destroy 正在销毁协议处理器 ["http-nio-8080"]
16-Jun-2026 01:25:06.277 信息 [main] org.apache.catalina.startup.VersionLoggerListener.log Server.服务器版本: Apache Tomcat/9.0.108
16-Jun-2026 01:25:06.285 信息 [main] org.apache.catalina.startup.VersionLoggerListener.log 服务器构建:        Jul 31 2025 18:19:48 UTC
16-Jun-2026 01:25:06.286 信息 [main] org.apache.catalina.startup.VersionLoggerListener.log 服务器版本号:      9.0.108.0
16-Jun-2026 01:25:06.287 信息 [main] org.apache.catalina.startup.VersionLoggerListener.log 操作系统名称:      Windows 11
16-Jun-2026 01:25:06.287 信息 [main] org.apache.catalina.startup.VersionLoggerListener.log OS.版本:           10.0
16-Jun-2026 01:25:06.287 信息 [main] org.apache.catalina.startup.VersionLoggerListener.log 架构:              amd64
16-Jun-2026 01:25:06.288 信息 [main] org.apache.catalina.startup.VersionLoggerListener.log Java 环境变量:     D:\javaweb\jdk-17.0.12
16-Jun-2026 01:25:06.288 信息 [main] org.apache.catalina.startup.VersionLoggerListener.log Java虚拟机版本:    17.0.12+8-LTS-286
16-Jun-2026 01:25:06.288 信息 [main] org.apache.catalina.startup.VersionLoggerListener.log JVM.供应商:        Oracle Corporation
16-Jun-2026 01:25:06.288 信息 [main] org.apache.catalina.startup.VersionLoggerListener.log CATALINA_BASE:     D:\javaweb\workspace\PersonalBillStatistics
16-Jun-2026 01:25:06.288 信息 [main] org.apache.catalina.startup.VersionLoggerListener.log CATALINA_HOME:     D:\javaweb\apache-tomcat-9.0.108
16-Jun-2026 01:25:06.306 信息 [main] org.apache.catalina.startup.VersionLoggerListener.log 命令行参数：       --add-opens=java.base/java.lang=ALL-UNNAMED
16-Jun-2026 01:25:06.306 信息 [main] org.apache.catalina.startup.VersionLoggerListener.log 命令行参数：       --add-opens=java.base/java.io=ALL-UNNAMED
16-Jun-2026 01:25:06.306 信息 [main] org.apache.catalina.startup.VersionLoggerListener.log 命令行参数：       --add-opens=java.base/java.util=ALL-UNNAMED
16-Jun-2026 01:25:06.308 信息 [main] org.apache.catalina.startup.VersionLoggerListener.log 命令行参数：       --add-opens=java.base/java.util.concurrent=ALL-UNNAMED
16-Jun-2026 01:25:06.308 信息 [main] org.apache.catalina.startup.VersionLoggerListener.log 命令行参数：       --add-opens=java.rmi/sun.rmi.transport=ALL-UNNAMED
16-Jun-2026 01:25:06.308 信息 [main] org.apache.catalina.startup.VersionLoggerListener.log 命令行参数：       -Dcatalina.home=D:\javaweb\apache-tomcat-9.0.108
16-Jun-2026 01:25:06.308 信息 [main] org.apache.catalina.startup.VersionLoggerListener.log 命令行参数：       -Dcatalina.base=D:\javaweb\workspace\PersonalBillStatistics
16-Jun-2026 01:25:06.309 信息 [main] org.apache.catalina.startup.VersionLoggerListener.log 命令行参数：       -Djava.io.tmpdir=D:\javaweb\workspace\PersonalBillStatistics\temp
16-Jun-2026 01:25:06.309 信息 [main] org.apache.catalina.startup.VersionLoggerListener.log 命令行参数：       -Djava.util.logging.config.file=D:\javaweb\workspace\PersonalBillStatistics\conf\logging.properties
16-Jun-2026 01:25:06.309 信息 [main] org.apache.catalina.startup.VersionLoggerListener.log 命令行参数：       -Djava.util.logging.manager=org.apache.juli.ClassLoaderLogManager
16-Jun-2026 01:25:06.310 信息 [main] org.apache.catalina.startup.VersionLoggerListener.log 命令行参数：       -javaagent:D:\IntelliJ IDEA\IntelliJ IDEA 2025.3.4.1\lib\idea_rt.jar=55402
16-Jun-2026 01:25:06.310 信息 [main] org.apache.catalina.startup.VersionLoggerListener.log 命令行参数：       -Dfile.encoding=UTF-8
16-Jun-2026 01:25:06.350 信息 [main] org.apache.catalina.core.AprLifecycleListener.lifecycleEvent 在java.library.path:[D:\javaweb\jdk-17.0.12\bin;C:\WINDOWS\Sun\Java\bin;C:\WINDOWS\system32;C:\WINDOWS;D:\javaweb\jdk-17.0.12\bin;D:\AnacondaPython\anaconda\condabin;D:\javaweb\openjdk21\jdk-21.0.7+6\bin;D:\javaweb\jdk-17.0.12\bin;D:\AnacondaPython\anaconda\condabin;D:\javaweb\jdk.1.8\bin;D:\vma\bin\;D:\Hbuildx   网页制作\nodejs\;%JA;A_HOME%\bin;C:\WINDOWS\system32;C:\WINDOWS;C:\WINDOWS\System32\Wbem;C:\WINDOWS\System32\WindowsPowerShell\v1.0\;C:\WINDOWS\System32\OpenSSH\;C:\Program Files\dotnet\;D:\javaweb\openjdk21\jdk-21.0.7+6\bin;C:\Program Files\Docker\Docker\resources\bin;C:\Program Files\MySQL\MySQL Server 8.0\bin;D:\git\Git\cmd;C:\Program Files\MySQL\MySQL Shell 8.0\bin\;C:\Users\35998\AppData\Local\Microsoft\WindowsApps;D:\idea\data\IntelliJ IDEA Community Edition 2024.3.4\bin;C:\Users\35998\AppData\Roaming\npm;D:\AnacondaPython\anaconda;D:\AnacondaPython\anaconda\Scripts;D:\AnacondaPython\anaconda\Library\bin;D:\AnacondaPython\pycharm\PyCharm 2025.2.4\bin;D:\IntelliJ IDEA\IntelliJ IDEA 2025.2.5\bin;D:\javaweb\apache-maven-3.9.6\bin;D:\IntelliJ IDEA\IntelliJ IDEA Community Edition 2024.3.4\bin;D:\IntelliJ;C:\Program Files\MySQL\MySQL Shell 8.0\bin\;C:\Users\35998\AppData\Local\Microsoft\WindowsApps;D:\idea\data\IntelliJ IDEA Community Edition 2024.3.4\bin;;C:\Users\35998\AppData\Roaming\npm;D:\AnacondaPython\anaconda;D:\AnacondaPython\anaconda\Scripts;D:\AnacondaPython\anaconda\Library\bin;D:\AnacondaPython\pycharm\PyCharm 2025.2.4\bin;D:\IntelliJ IDEA\IntelliJ IDEA 2025.2.5\bin;D:\javaweb\apache-maven-3.9.6\bin;D:\IntelliJ IDEA\IntelliJ IDEA Community Edition 2024.3.4\bin;;D:\IntelliJ IDEA\IntelliJ IDEA 2025.3.4.1\bin;C:\Users\35998\AppData\Local\Microsoft\WinGet\Packages\jqlang.jq_Microsoft.Winget.Source_8wekyb3d8bbwe;;.]上找不到基于APR的Apache Tomcat本机库，该库允许在生产环境中获得最佳性能
16-Jun-2026 01:25:06.687 信息 [main] org.apache.coyote.AbstractProtocol.init 初始化协议处理器 ["http-nio-8080"]
16-Jun-2026 01:25:06.714 信息 [main] org.apache.catalina.startup.Catalina.load 服务器在[775]毫秒内初始化
16-Jun-2026 01:25:06.764 信息 [main] org.apache.catalina.core.StandardService.startInternal 正在启动服务[Catalina]
16-Jun-2026 01:25:06.764 信息 [main] org.apache.catalina.core.StandardEngine.startInternal 正在启动 Servlet 引擎：[Apache Tomcat/9.0.108]
16-Jun-2026 01:25:06.774 信息 [main] org.apache.catalina.startup.HostConfig.deployDescriptor 正在部署部署描述符[D:\javaweb\workspace\PersonalBillStatistics\conf\Catalina\localhost\ROOT.xml]。
16-Jun-2026 01:25:11.995 信息 [main] org.apache.jasper.servlet.TldScanner.scanJars 至少有一个JAR被扫描用于TLD但尚未包含TLD。 为此记录器启用调试日志记录，以获取已扫描但未在其中找到TLD的完整JAR列表。 在扫描期间跳过不需要的JAR可以缩短启动时间和JSP编译时间。
16-Jun-2026 01:25:18.020 信息 [main] org.apache.catalina.startup.HostConfig.deployDescriptor 部署描述符[D:\javaweb\workspace\PersonalBillStatistics\conf\Catalina\localhost\ROOT.xml]的部署已在[11,247]ms内完成
16-Jun-2026 01:25:18.024 信息 [main] org.apache.coyote.AbstractProtocol.start 开始协议处理句柄["http-nio-8080"]
16-Jun-2026 01:25:18.149 信息 [main] org.apache.catalina.startup.Catalina.start [11436]毫秒后服务器启动
16-Jun-2026 01:25:54.077 信息 [Thread-1] org.apache.coyote.AbstractProtocol.pause 暂停ProtocolHandler["http-nio-8080"]
16-Jun-2026 01:25:54.756 信息 [Thread-1] org.apache.catalina.core.StandardService.stopInternal 正在停止服务[Catalina]
16-Jun-2026 01:25:54.811 警告 [Thread-1] org.apache.catalina.loader.WebappClassLoaderBase.clearReferencesJdbc Web应用程序 [ROOT] 注册了JDBC驱动程序 [com.mysql.cj.jdbc.Driver]，但在Web应用程序停止时无法注销它。 为防止内存泄漏，JDBC驱动程序已被强制取消注册。
16-Jun-2026 01:25:54.812 警告 [Thread-1] org.apache.catalina.loader.WebappClassLoaderBase.clearReferencesThreads Web应用程序[ROOT]似乎启动了一个名为[mysql-cj-abandoned-connection-cleanup]的线程，但未能停止它。这很可能会造成内存泄漏。线程的堆栈跟踪：[
 java.base@17.0.12/java.lang.Object.wait(Native Method)
 java.base@17.0.12/java.lang.ref.ReferenceQueue.remove(ReferenceQueue.java:155)
 com.mysql.cj.jdbc.AbandonedConnectionCleanupThread.run(AbandonedConnectionCleanupThread.java:91)
 java.base@17.0.12/java.util.concurrent.ThreadPoolExecutor.runWorker(ThreadPoolExecutor.java:1136)
 java.base@17.0.12/java.util.concurrent.ThreadPoolExecutor$Worker.run(ThreadPoolExecutor.java:635)
 java.base@17.0.12/java.lang.Thread.run(Thread.java:842)]
16-Jun-2026 01:25:54.820 信息 [Thread-1] org.apache.coyote.AbstractProtocol.stop 正在停止ProtocolHandler ["http-nio-8080"]
16-Jun-2026 01:25:54.836 信息 [Thread-1] org.apache.coyote.AbstractProtocol.destroy 正在销毁协议处理器 ["http-nio-8080"]
